2025-10-29 02:34:20,449 - src.pipeline - ERROR - Error saving discharge_pressure results: array length 19484 does not match index length 19449
Traceback (most recent call last):
  File "/Users/m/Downloads/mba)sil/BE-copy/src/pipeline.py", line 1189, in _save_results
    result_df = pd.DataFrame(result_data)
  File "/Users/m/Downloads/mba)sil/BE-copy/prod_env/lib/python3.9/site-packages/pandas/core/frame.py", line 782, in __init__
    mgr = dict_to_mgr(data, index, columns, dtype=dtype, copy=copy, typ=manager)
  File "/Users/m/Downloads/mba)sil/BE-copy/prod_env/lib/python3.9/site-packages/pandas/core/internals/construction.py", line 503, in dict_to_mgr
    return arrays_to_mgr(arrays, columns, index, dtype=dtype, typ=typ, consolidate=copy)
  File "/Users/m/Downloads/mba)sil/BE-copy/prod_env/lib/python3.9/site-packages/pandas/core/internals/construction.py", line 114, in arrays_to_mgr
    index = _extract_index(arrays)
  File "/Users/m/Downloads/mba)sil/BE-copy/prod_env/lib/python3.9/site-packages/pandas/core/internals/construction.py", line 690, in _extract_index
    raise ValueError(msg)
ValueError: array length 19484 does not match index length 19449
2025-10-29 02:34:20,452 - src.pipeline - ERROR - Failed to save results with fallback method: array length 19484 does not match index length 19449
2025-10-29 02:36:01,620 - src.pipeline - ERROR - Error saving discharge_pressure results: array length 19484 does not match index length 19449
Traceback (most recent call last):
  File "/Users/m/Downloads/mba)sil/BE-copy/src/pipeline.py", line 1189, in _save_results
    result_df = pd.DataFrame(result_data)
  File "/Users/m/Downloads/mba)sil/BE-copy/prod_env/lib/python3.9/site-packages/pandas/core/frame.py", line 782, in __init__
    mgr = dict_to_mgr(data, index, columns, dtype=dtype, copy=copy, typ=manager)
  File "/Users/m/Downloads/mba)sil/BE-copy/prod_env/lib/python3.9/site-packages/pandas/core/internals/construction.py", line 503, in dict_to_mgr
    return arrays_to_mgr(arrays, columns, index, dtype=dtype, typ=typ, consolidate=copy)
  File "/Users/m/Downloads/mba)sil/BE-copy/prod_env/lib/python3.9/site-packages/pandas/core/internals/construction.py", line 114, in arrays_to_mgr
    index = _extract_index(arrays)
  File "/Users/m/Downloads/mba)sil/BE-copy/prod_env/lib/python3.9/site-packages/pandas/core/internals/construction.py", line 690, in _extract_index
    raise ValueError(msg)
ValueError: array length 19484 does not match index length 19449
2025-10-29 02:36:01,624 - src.pipeline - ERROR - Failed to save results with fallback method: array length 19484 does not match index length 19449
